com\javaproject\ordermanagement\service\impl\ClientServiceImpl.class
com\javaproject\ordermanagement\validation\MessageExceptionHandler.class
com\javaproject\ordermanagement\dto\ClientForm.class
com\javaproject\ordermanagement\exception\ExceptionHandlerAdvice.class
com\javaproject\ordermanagement\service\ClientService.class
com\javaproject\ordermanagement\OrderManagementApplication.class
com\javaproject\ordermanagement\controller\ClientController.class
com\javaproject\ordermanagement\repositories\ClientRepository.class
com\javaproject\ordermanagement\configurations\SwaggerConfig.class
com\javaproject\ordermanagement\controller\impl\ClientControllerImpl.class
com\javaproject\ordermanagement\dto\ClientDTO.class
com\javaproject\ordermanagement\dto\ClientUpdateForm.class
com\javaproject\ordermanagement\entities\Client.class
com\javaproject\ordermanagement\validation\ControllerAdvice.class
com\javaproject\ordermanagement\validation\ErrorFormDto.class
com\javaproject\ordermanagement\validation\ErrorHandler.class
com\javaproject\ordermanagement\exception\ClientDeleted.class
com\javaproject\ordermanagement\entities\Identity.class
