C:\Users\yurim\eclipse-workspace\OrderManagement\src\main\java\com\javaproject\ordermanagement\dto\ClientDTO.java
C:\Users\yurim\eclipse-workspace\OrderManagement\src\main\java\com\javaproject\ordermanagement\service\ClientService.java
C:\Users\yurim\eclipse-workspace\OrderManagement\src\main\java\com\javaproject\ordermanagement\validation\MessageExceptionHandler.java
C:\Users\yurim\eclipse-workspace\OrderManagement\src\main\java\com\javaproject\ordermanagement\validation\ErrorHandler.java
C:\Users\yurim\eclipse-workspace\OrderManagement\src\main\java\com\javaproject\ordermanagement\dto\ClientForm.java
C:\Users\yurim\eclipse-workspace\OrderManagement\src\main\java\com\javaproject\ordermanagement\configurations\SwaggerConfig.java
C:\Users\yurim\eclipse-workspace\OrderManagement\src\main\java\com\javaproject\ordermanagement\OrderManagementApplication.java
C:\Users\yurim\eclipse-workspace\OrderManagement\src\main\java\com\javaproject\ordermanagement\controller\ClientController.java
C:\Users\yurim\eclipse-workspace\OrderManagement\src\main\java\com\javaproject\ordermanagement\exception\ExceptionHandlerAdvice.java
C:\Users\yurim\eclipse-workspace\OrderManagement\src\main\java\com\javaproject\ordermanagement\dto\ClientUpdateForm.java
C:\Users\yurim\eclipse-workspace\OrderManagement\src\main\java\com\javaproject\ordermanagement\repositories\ClientRepository.java
C:\Users\yurim\eclipse-workspace\OrderManagement\src\main\java\com\javaproject\ordermanagement\controller\impl\ClientControllerImpl.java
C:\Users\yurim\eclipse-workspace\OrderManagement\src\main\java\com\javaproject\ordermanagement\validation\ErrorFormDto.java
C:\Users\yurim\eclipse-workspace\OrderManagement\src\main\java\com\javaproject\ordermanagement\validation\ControllerAdvice.java
C:\Users\yurim\eclipse-workspace\OrderManagement\src\main\java\com\javaproject\ordermanagement\entities\Identity.java
C:\Users\yurim\eclipse-workspace\OrderManagement\src\main\java\com\javaproject\ordermanagement\entities\Client.java
C:\Users\yurim\eclipse-workspace\OrderManagement\src\main\java\com\javaproject\ordermanagement\service\impl\ClientServiceImpl.java
C:\Users\yurim\eclipse-workspace\OrderManagement\src\main\java\com\javaproject\ordermanagement\exception\ClientDeleted.java
