C:\Users\yurim\eclipse-workspace\OrderManagement\src\main\java\com\javaproject\ordermanagement\DTO\ClientDTO.java
C:\Users\yurim\eclipse-workspace\OrderManagement\src\main\java\com\javaproject\ordermanagement\Repositories\ClientRepository.java
C:\Users\yurim\eclipse-workspace\OrderManagement\src\main\java\com\javaproject\ordermanagement\Service\ClientService.java
C:\Users\yurim\eclipse-workspace\OrderManagement\src\main\java\com\javaproject\ordermanagement\Entities\Identify.java
C:\Users\yurim\eclipse-workspace\OrderManagement\src\main\java\com\javaproject\ordermanagement\Validation\ErrorHandler.java
C:\Users\yurim\eclipse-workspace\OrderManagement\src\main\java\com\javaproject\ordermanagement\Validation\ErrorFormDto.java
C:\Users\yurim\eclipse-workspace\OrderManagement\src\main\java\com\javaproject\ordermanagement\Configurations\SwaggerConfig.java
C:\Users\yurim\eclipse-workspace\OrderManagement\src\main\java\com\javaproject\ordermanagement\OrderManagementApplication.java
C:\Users\yurim\eclipse-workspace\OrderManagement\src\main\java\com\javaproject\ordermanagement\Controller\ClientController.java
C:\Users\yurim\eclipse-workspace\OrderManagement\src\main\java\com\javaproject\ordermanagement\DTO\UserForm.java
C:\Users\yurim\eclipse-workspace\OrderManagement\src\main\java\com\javaproject\ordermanagement\DTO\ClientUpdateForm.java
C:\Users\yurim\eclipse-workspace\OrderManagement\src\main\java\com\javaproject\ordermanagement\Entities\Client.java
